22:01:57 **** Build of configuration Debug for project Bit_banding ****
make -j12 all 
arm-none-eabi-gcc "../Src/main.c" -mcpu=cortex-m4 -std=gnu11 -g3 -DDEBUG -DSTM32 -DSTM32F407G_DISC1 -DSTM32F4 -DSTM32F407VGTx -c -I../Inc -O0 -ffunction-sections -fdata-sections -Wall -fstack-usage -fcyclomatic-complexity -MMD -MP -MF"Src/main.d" -MT"Src/main.o" --specs=nano.specs -mfloat-abi=soft -mthumb -o "Src/main.o"
../Src/main.c: In function 'main':
../Src/main.c:20:33: warning: initialization of 'uint8_t *' {aka 'unsigned char *'} from 'int' makes pointer from integer without a cast [-Wint-conversion]
   20 | #define ALIAS_BASE              0x22000000
      |                                 ^~~~~~~~~~
../Src/main.c:32:28: note: in expansion of macro 'ALIAS_BASE'
   32 |     uint8_t *alias_addrs = ALIAS_BASE + (32*(0x20000200 - BIT_BAND_BASE)) + 7*4;        // call alias addrs for bit banding
      |                            ^~~~~~~~~~
arm-none-eabi-gcc -o "Bit_banding.elf" @"objects.list"   -mcpu=cortex-m4 -T"/home/poojaa/STM32CubeIDE/workspace/Bit_banding/STM32F407VGTX_FLASH.ld" --specs=nosys.specs -Wl,-Map="Bit_banding.map" -Wl,--gc-sections -static --specs=nano.specs -mfloat-abi=soft -mthumb -Wl,--start-group -lc -lm -Wl,--end-group
Finished building target: Bit_banding.elf
 
arm-none-eabi-size  Bit_banding.elf 
arm-none-eabi-objdump -h -S Bit_banding.elf  > "Bit_banding.list"
   text	   data	    bss	    dec	    hex	filename
    704	      0	   1568	   2272	    8e0	Bit_banding.elf
Finished building: default.size.stdout
 
Finished building: Bit_banding.list
 

22:01:57 Build Finished. 0 errors, 1 warnings. (took 163ms)

