22:33:14 **** Incremental Build of configuration Debug for project svc_no ****
make -j12 all 
arm-none-eabi-gcc "../Src/main.c" -mcpu=cortex-m4 -std=gnu11 -g3 -DDEBUG -DSTM32 -DSTM32F407G_DISC1 -DSTM32F4 -DSTM32F407VGTx -c -I../Inc -O0 -ffunction-sections -fdata-sections -Wall -fstack-usage -fcyclomatic-complexity -MMD -MP -MF"Src/main.d" -MT"Src/main.o" --specs=nano.specs -mfpu=fpv4-sp-d16 -mfloat-abi=hard -mthumb -o "Src/main.o"
arm-none-eabi-gcc -o "svc_no.elf" @"objects.list"   -mcpu=cortex-m4 -T"/home/poojaa/STM32CubeIDE/workspace/svc_no/STM32F407VGTX_FLASH.ld" --specs=nosys.specs -Wl,-Map="svc_no.map" -Wl,--gc-sections -static --specs=nano.specs -mfpu=fpv4-sp-d16 -mfloat-abi=hard -mthumb -Wl,--start-group -lc -lm -Wl,--end-group
Finished building target: svc_no.elf
 
arm-none-eabi-size  svc_no.elf 
arm-none-eabi-objdump -h -S svc_no.elf  > "svc_no.list"
   text	   data	    bss	    dec	    hex	filename
   5196	     92	   1900	   7188	   1c14	svc_no.elf
Finished building: default.size.stdout
 
Finished building: svc_no.list
 
22:36:56 **** Incremental Build of configuration Debug for project svc_no ****
make -j12 all 
arm-none-eabi-gcc "../Src/main.c" -mcpu=cortex-m4 -std=gnu11 -g3 -DDEBUG -DSTM32 -DSTM32F407G_DISC1 -DSTM32F4 -DSTM32F407VGTx -c -I../Inc -O0 -ffunction-sections -fdata-sections -Wall -fstack-usage -fcyclomatic-complexity -MMD -MP -MF"Src/main.d" -MT"Src/main.o" --specs=nano.specs -mfpu=fpv4-sp-d16 -mfloat-abi=hard -mthumb -o "Src/main.o"
arm-none-eabi-gcc -o "svc_no.elf" @"objects.list"   -mcpu=cortex-m4 -T"/home/poojaa/STM32CubeIDE/workspace/svc_no/STM32F407VGTX_FLASH.ld" --specs=nosys.specs -Wl,-Map="svc_no.map" -Wl,--gc-sections -static --specs=nano.specs -mfpu=fpv4-sp-d16 -mfloat-abi=hard -mthumb -Wl,--start-group -lc -lm -Wl,--end-group
Finished building target: svc_no.elf
 
arm-none-eabi-size  svc_no.elf 
arm-none-eabi-objdump -h -S svc_no.elf  > "svc_no.list"
   text	   data	    bss	    dec	    hex	filename
   5232	     92	   1900	   7224	   1c38	svc_no.elf
Finished building: default.size.stdout
 
Finished building: svc_no.list
 
22:38:25 **** Incremental Build of configuration Debug for project svc_no ****
make -j12 all 
arm-none-eabi-gcc "../Src/main.c" -mcpu=cortex-m4 -std=gnu11 -g3 -DDEBUG -DSTM32 -DSTM32F407G_DISC1 -DSTM32F4 -DSTM32F407VGTx -c -I../Inc -O0 -ffunction-sections -fdata-sections -Wall -fstack-usage -fcyclomatic-complexity -MMD -MP -MF"Src/main.d" -MT"Src/main.o" --specs=nano.specs -mfpu=fpv4-sp-d16 -mfloat-abi=hard -mthumb -o "Src/main.o"
arm-none-eabi-gcc -o "svc_no.elf" @"objects.list"   -mcpu=cortex-m4 -T"/home/poojaa/STM32CubeIDE/workspace/svc_no/STM32F407VGTX_FLASH.ld" --specs=nosys.specs -Wl,-Map="svc_no.map" -Wl,--gc-sections -static --specs=nano.specs -mfpu=fpv4-sp-d16 -mfloat-abi=hard -mthumb -Wl,--start-group -lc -lm -Wl,--end-group
Finished building target: svc_no.elf
 
arm-none-eabi-size  svc_no.elf 
arm-none-eabi-objdump -h -S svc_no.elf  > "svc_no.list"
   text	   data	    bss	    dec	    hex	filename
   5232	     92	   1900	   7224	   1c38	svc_no.elf
Finished building: default.size.stdout
 
Finished building: svc_no.list
 
21:16:37 **** Incremental Build of configuration Debug for project svc_no ****
make -j12 all 
arm-none-eabi-gcc "../Src/main.c" -mcpu=cortex-m4 -std=gnu11 -g3 -DDEBUG -DSTM32 -DSTM32F407G_DISC1 -DSTM32F4 -DSTM32F407VGTx -c -I../Inc -O0 -ffunction-sections -fdata-sections -Wall -fstack-usage -fcyclomatic-complexity -MMD -MP -MF"Src/main.d" -MT"Src/main.o" --specs=nano.specs -mfpu=fpv4-sp-d16 -mfloat-abi=hard -mthumb -o "Src/main.o"
arm-none-eabi-gcc -o "svc_no.elf" @"objects.list"   -mcpu=cortex-m4 -T"/home/poojaa/STM32CubeIDE/workspace/svc_no/STM32F407VGTX_FLASH.ld" --specs=nosys.specs -Wl,-Map="svc_no.map" -Wl,--gc-sections -static --specs=nano.specs -mfpu=fpv4-sp-d16 -mfloat-abi=hard -mthumb -Wl,--start-group -lc -lm -Wl,--end-group
Finished building target: svc_no.elf
 
arm-none-eabi-size  svc_no.elf 
arm-none-eabi-objdump -h -S svc_no.elf  > "svc_no.list"
   text	   data	    bss	    dec	    hex	filename
   5604	     92	   1900	   7596	   1dac	svc_no.elf
Finished building: default.size.stdout
 
Finished building: svc_no.list
 
21:17:09 **** Incremental Build of configuration Debug for project svc_no ****
make -j12 all 
arm-none-eabi-size  svc_no.elf 
   text	   data	    bss	    dec	    hex	filename
   5604	     92	   1900	   7596	   1dac	svc_no.elf
Finished building: default.size.stdout
 
21:19:14 **** Incremental Build of configuration Debug for project svc_no ****
make -j12 all 
arm-none-eabi-gcc "../Src/main.c" -mcpu=cortex-m4 -std=gnu11 -g3 -DDEBUG -DSTM32 -DSTM32F407G_DISC1 -DSTM32F4 -DSTM32F407VGTx -c -I../Inc -O0 -ffunction-sections -fdata-sections -Wall -fstack-usage -fcyclomatic-complexity -MMD -MP -MF"Src/main.d" -MT"Src/main.o" --specs=nano.specs -mfpu=fpv4-sp-d16 -mfloat-abi=hard -mthumb -o "Src/main.o"
arm-none-eabi-gcc -o "svc_no.elf" @"objects.list"   -mcpu=cortex-m4 -T"/home/poojaa/STM32CubeIDE/workspace/svc_no/STM32F407VGTX_FLASH.ld" --specs=nosys.specs -Wl,-Map="svc_no.map" -Wl,--gc-sections -static --specs=nano.specs -mfpu=fpv4-sp-d16 -mfloat-abi=hard -mthumb -Wl,--start-group -lc -lm -Wl,--end-group
Finished building target: svc_no.elf
 
arm-none-eabi-size  svc_no.elf 
arm-none-eabi-objdump -h -S svc_no.elf  > "svc_no.list"
   text	   data	    bss	    dec	    hex	filename
   5604	     92	   1900	   7596	   1dac	svc_no.elf
Finished building: default.size.stdout
 
Finished building: svc_no.list
 
21:20:31 **** Incremental Build of configuration Debug for project svc_no ****
make -j12 all 
arm-none-eabi-gcc "../Src/main.c" -mcpu=cortex-m4 -std=gnu11 -g3 -DDEBUG -DSTM32 -DSTM32F407G_DISC1 -DSTM32F4 -DSTM32F407VGTx -c -I../Inc -O0 -ffunction-sections -fdata-sections -Wall -fstack-usage -fcyclomatic-complexity -MMD -MP -MF"Src/main.d" -MT"Src/main.o" --specs=nano.specs -mfpu=fpv4-sp-d16 -mfloat-abi=hard -mthumb -o "Src/main.o"
arm-none-eabi-gcc -o "svc_no.elf" @"objects.list"   -mcpu=cortex-m4 -T"/home/poojaa/STM32CubeIDE/workspace/svc_no/STM32F407VGTX_FLASH.ld" --specs=nosys.specs -Wl,-Map="svc_no.map" -Wl,--gc-sections -static --specs=nano.specs -mfpu=fpv4-sp-d16 -mfloat-abi=hard -mthumb -Wl,--start-group -lc -lm -Wl,--end-group
Finished building target: svc_no.elf
 
arm-none-eabi-size  svc_no.elf 
arm-none-eabi-objdump -h -S svc_no.elf  > "svc_no.list"
   text	   data	    bss	    dec	    hex	filename
   5604	     92	   1900	   7596	   1dac	svc_no.elf
Finished building: default.size.stdout
 
Finished building: svc_no.list
 
21:21:18 **** Incremental Build of configuration Debug for project svc_no ****
make -j12 all 
arm-none-eabi-gcc "../Src/main.c" -mcpu=cortex-m4 -std=gnu11 -g3 -DDEBUG -DSTM32 -DSTM32F407G_DISC1 -DSTM32F4 -DSTM32F407VGTx -c -I../Inc -O0 -ffunction-sections -fdata-sections -Wall -fstack-usage -fcyclomatic-complexity -MMD -MP -MF"Src/main.d" -MT"Src/main.o" --specs=nano.specs -mfpu=fpv4-sp-d16 -mfloat-abi=hard -mthumb -o "Src/main.o"
arm-none-eabi-gcc -o "svc_no.elf" @"objects.list"   -mcpu=cortex-m4 -T"/home/poojaa/STM32CubeIDE/workspace/svc_no/STM32F407VGTX_FLASH.ld" --specs=nosys.specs -Wl,-Map="svc_no.map" -Wl,--gc-sections -static --specs=nano.specs -mfpu=fpv4-sp-d16 -mfloat-abi=hard -mthumb -Wl,--start-group -lc -lm -Wl,--end-group
Finished building target: svc_no.elf
 
arm-none-eabi-size  svc_no.elf 
arm-none-eabi-objdump -h -S svc_no.elf  > "svc_no.list"
   text	   data	    bss	    dec	    hex	filename
   5604	     92	   1900	   7596	   1dac	svc_no.elf
Finished building: default.size.stdout
 
Finished building: svc_no.list
 
