13:21:53 **** Incremental Build of configuration Debug for project PAL_NPAL ****
make -j12 all 
arm-none-eabi-gcc "../Src/main.c" -mcpu=cortex-m4 -std=gnu11 -g3 -DDEBUG -DSTM32 -DSTM32F407G_DISC1 -DSTM32F4 -DSTM32F407VGTx -c -I../Inc -O0 -ffunction-sections -fdata-sections -Wall -fstack-usage -fcyclomatic-complexity -MMD -MP -MF"Src/main.d" -MT"Src/main.o" --specs=nano.specs -mfloat-abi=soft -mthumb -o "Src/main.o"
arm-none-eabi-gcc -o "PAL_NPAL.elf" @"objects.list"   -mcpu=cortex-m4 -T"/home/poojaa/STM32CubeIDE/workspace/PAL_NPAL/STM32F407VGTX_FLASH.ld" --specs=nosys.specs -Wl,-Map="PAL_NPAL.map" -Wl,--gc-sections -static --specs=nano.specs -mfloat-abi=soft -mthumb -Wl,--start-group -lc -lm -Wl,--end-group
Finished building target: PAL_NPAL.elf
 
arm-none-eabi-size  PAL_NPAL.elf 
arm-none-eabi-objdump -h -S PAL_NPAL.elf  > "PAL_NPAL.list"
   text	   data	    bss	    dec	    hex	filename
   3504	     92	   1900	   5496	   1578	PAL_NPAL.elf
Finished building: default.size.stdout
 
Finished building: PAL_NPAL.list
 

13:21:53 Build Finished. 0 errors, 0 warnings. (took 172ms)

