21:38:42 **** Incremental Build of configuration Debug for project stack_exercise ****
make -j12 all 
arm-none-eabi-gcc "../Src/main.c" -mcpu=cortex-m4 -std=gnu11 -g3 -DDEBUG -DSTM32 -DSTM32F407G_DISC1 -DSTM32F4 -DSTM32F407VGTx -c -I../Inc -O0 -ffunction-sections -fdata-sections -Wall -fstack-usage -fcyclomatic-complexity -MMD -MP -MF"Src/main.d" -MT"Src/main.o" --specs=nano.specs -mfpu=fpv4-sp-d16 -mfloat-abi=hard -mthumb -o "Src/main.o"
arm-none-eabi-gcc -o "stack_exercise.elf" @"objects.list"   -mcpu=cortex-m4 -T"/home/poojaa/STM32CubeIDE/workspace/stack_exercise/STM32F407VGTX_FLASH.ld" --specs=nosys.specs -Wl,-Map="stack_exercise.map" -Wl,--gc-sections -static --specs=nano.specs -mfpu=fpv4-sp-d16 -mfloat-abi=hard -mthumb -Wl,--start-group -lc -lm -Wl,--end-group
Finished building target: stack_exercise.elf
 
arm-none-eabi-size  stack_exercise.elf 
arm-none-eabi-objdump -h -S stack_exercise.elf  > "stack_exercise.list"
   text	   data	    bss	    dec	    hex	filename
   5136	     92	   1900	   7128	   1bd8	stack_exercise.elf
Finished building: default.size.stdout
 
Finished building: stack_exercise.list
 

21:38:42 Build Finished. 0 errors, 0 warnings. (took 170ms)

