Archive member included to satisfy reference by file (symbol)

/opt/st/stm32cubeide_1.15.1/plugins/com.st.stm32cube.ide.mcu.externaltools.gnu-tools-for-stm32.12.3.rel1.linux64_1.0.100.202403111256/tools/bin/../lib/gcc/arm-none-eabi/12.3.1/../../../../arm-none-eabi/lib/thumb/v7e-m/nofp/libc_nano.a(libc_a-exit.o)
                              /opt/st/stm32cubeide_1.15.1/plugins/com.st.stm32cube.ide.mcu.externaltools.gnu-tools-for-stm32.12.3.rel1.linux64_1.0.100.202403111256/tools/bin/../lib/gcc/arm-none-eabi/12.3.1/../../../../arm-none-eabi/lib/thumb/v7e-m/nofp/crt0.o (exit)
/opt/st/stm32cubeide_1.15.1/plugins/com.st.stm32cube.ide.mcu.externaltools.gnu-tools-for-stm32.12.3.rel1.linux64_1.0.100.202403111256/tools/bin/../lib/gcc/arm-none-eabi/12.3.1/../../../../arm-none-eabi/lib/thumb/v7e-m/nofp/libc_nano.a(libc_a-findfp.o)
                              /opt/st/stm32cubeide_1.15.1/plugins/com.st.stm32cube.ide.mcu.externaltools.gnu-tools-for-stm32.12.3.rel1.linux64_1.0.100.202403111256/tools/bin/../lib/gcc/arm-none-eabi/12.3.1/../../../../arm-none-eabi/lib/thumb/v7e-m/nofp/libc_nano.a(libc_a-exit.o) (__stdio_exit_handler)
/opt/st/stm32cubeide_1.15.1/plugins/com.st.stm32cube.ide.mcu.externaltools.gnu-tools-for-stm32.12.3.rel1.linux64_1.0.100.202403111256/tools/bin/../lib/gcc/arm-none-eabi/12.3.1/../../../../arm-none-eabi/lib/thumb/v7e-m/nofp/libc_nano.a(libc_a-fwalk.o)
                              /opt/st/stm32cubeide_1.15.1/plugins/com.st.stm32cube.ide.mcu.externaltools.gnu-tools-for-stm32.12.3.rel1.linux64_1.0.100.202403111256/tools/bin/../lib/gcc/arm-none-eabi/12.3.1/../../../../arm-none-eabi/lib/thumb/v7e-m/nofp/libc_nano.a(libc_a-findfp.o) (_fwalk_sglue)
/opt/st/stm32cubeide_1.15.1/plugins/com.st.stm32cube.ide.mcu.externaltools.gnu-tools-for-stm32.12.3.rel1.linux64_1.0.100.202403111256/tools/bin/../lib/gcc/arm-none-eabi/12.3.1/../../../../arm-none-eabi/lib/thumb/v7e-m/nofp/libc_nano.a(libc_a-puts.o)
                              ./Src/main.o (puts)
/opt/st/stm32cubeide_1.15.1/plugins/com.st.stm32cube.ide.mcu.externaltools.gnu-tools-for-stm32.12.3.rel1.linux64_1.0.100.202403111256/tools/bin/../lib/gcc/arm-none-eabi/12.3.1/../../../../arm-none-eabi/lib/thumb/v7e-m/nofp/libc_nano.a(libc_a-stdio.o)
                              /opt/st/stm32cubeide_1.15.1/plugins/com.st.stm32cube.ide.mcu.externaltools.gnu-tools-for-stm32.12.3.rel1.linux64_1.0.100.202403111256/tools/bin/../lib/gcc/arm-none-eabi/12.3.1/../../../../arm-none-eabi/lib/thumb/v7e-m/nofp/libc_nano.a(libc_a-findfp.o) (__sread)
/opt/st/stm32cubeide_1.15.1/plugins/com.st.stm32cube.ide.mcu.externaltools.gnu-tools-for-stm32.12.3.rel1.linux64_1.0.100.202403111256/tools/bin/../lib/gcc/arm-none-eabi/12.3.1/../../../../arm-none-eabi/lib/thumb/v7e-m/nofp/libc_nano.a(libc_a-wbuf.o)
                              /opt/st/stm32cubeide_1.15.1/plugins/com.st.stm32cube.ide.mcu.externaltools.gnu-tools-for-stm32.12.3.rel1.linux64_1.0.100.202403111256/tools/bin/../lib/gcc/arm-none-eabi/12.3.1/../../../../arm-none-eabi/lib/thumb/v7e-m/nofp/libc_nano.a(libc_a-puts.o) (__swbuf_r)
/opt/st/stm32cubeide_1.15.1/plugins/com.st.stm32cube.ide.mcu.externaltools.gnu-tools-for-stm32.12.3.rel1.linux64_1.0.100.202403111256/tools/bin/../lib/gcc/arm-none-eabi/12.3.1/../../../../arm-none-eabi/lib/thumb/v7e-m/nofp/libc_nano.a(libc_a-wsetup.o)
                              /opt/st/stm32cubeide_1.15.1/plugins/com.st.stm32cube.ide.mcu.externaltools.gnu-tools-for-stm32.12.3.rel1.linux64_1.0.100.202403111256/tools/bin/../lib/gcc/arm-none-eabi/12.3.1/../../../../arm-none-eabi/lib/thumb/v7e-m/nofp/libc_nano.a(libc_a-puts.o) (__swsetup_r)
/opt/st/stm32cubeide_1.15.1/plugins/com.st.stm32cube.ide.mcu.externaltools.gnu-tools-for-stm32.12.3.rel1.linux64_1.0.100.202403111256/tools/bin/../lib/gcc/arm-none-eabi/12.3.1/../../../../arm-none-eabi/lib/thumb/v7e-m/nofp/libc_nano.a(libc_a-memset.o)
                              /opt/st/stm32cubeide_1.15.1/plugins/com.st.stm32cube.ide.mcu.externaltools.gnu-tools-for-stm32.12.3.rel1.linux64_1.0.100.202403111256/tools/bin/../lib/gcc/arm-none-eabi/12.3.1/../../../../arm-none-eabi/lib/thumb/v7e-m/nofp/crt0.o (memset)
/opt/st/stm32cubeide_1.15.1/plugins/com.st.stm32cube.ide.mcu.externaltools.gnu-tools-for-stm32.12.3.rel1.linux64_1.0.100.202403111256/tools/bin/../lib/gcc/arm-none-eabi/12.3.1/../../../../arm-none-eabi/lib/thumb/v7e-m/nofp/libc_nano.a(libc_a-closer.o)
                              /opt/st/stm32cubeide_1.15.1/plugins/com.st.stm32cube.ide.mcu.externaltools.gnu-tools-for-stm32.12.3.rel1.linux64_1.0.100.202403111256/tools/bin/../lib/gcc/arm-none-eabi/12.3.1/../../../../arm-none-eabi/lib/thumb/v7e-m/nofp/libc_nano.a(libc_a-stdio.o) (_close_r)
/opt/st/stm32cubeide_1.15.1/plugins/com.st.stm32cube.ide.mcu.externaltools.gnu-tools-for-stm32.12.3.rel1.linux64_1.0.100.202403111256/tools/bin/../lib/gcc/arm-none-eabi/12.3.1/../../../../arm-none-eabi/lib/thumb/v7e-m/nofp/libc_nano.a(libc_a-reent.o)
[...]
Memory Configuration

Name             Origin             Length             Attributes
CCMRAM           0x10000000         0x00010000         xrw
RAM              0x20000000         0x00020000         xrw
FLASH            0x08000000         0x00100000         xr
*default*        0x00000000         0xffffffff

Linker script and memory map

LOAD /opt/st/stm32cubeide_1.15.1/plugins/com.st.stm32cube.ide.mcu.externaltools.gnu-tools-for-stm32.12.3.rel1.linux64_1.0.100.202403111256/tools/bin/../lib/gcc/arm-none-eabi/12.3.1/thumb/v7e-m/nofp/crti.o
LOAD /opt/st/stm32cubeide_1.15.1/plugins/com.st.stm32cube.ide.mcu.externaltools.gnu-tools-for-stm32.12.3.rel1.linux64_1.0.100.202403111256/tools/bin/../lib/gcc/arm-none-eabi/12.3.1/thumb/v7e-m/nofp/crtbegin.o
LOAD /opt/st/stm32cubeide_1.15.1/plugins/com.st.stm32cube.ide.mcu.externaltools.gnu-tools-for-stm32.12.3.rel1.linux64_1.0.100.202403111256/tools/bin/../lib/gcc/arm-none-eabi/12.3.1/../../../../arm-none-eabi/lib/thumb/v7e-m/nofp/crt0.o
LOAD ./Src/main.o
LOAD ./Src/syscalls.o
LOAD ./Src/sysmem.o
LOAD ./Startup/startup_stm32f407vgtx.o
START GROUP
LOAD /opt/st/stm32cubeide_1.15.1/plugins/com.st.stm32cube.ide.mcu.externaltools.gnu-tools-for-stm32.12.3.rel1.linux64_1.0.100.202403111256/tools/bin/../lib/gcc/arm-none-eabi/12.3.1/../../../../arm-none-eabi/lib/thumb/v7e-m/nofp/libc_nano.a
LOAD /opt/st/stm32cubeide_1.15.1/plugins/com.st.stm32cube.ide.mcu.externaltools.gnu-tools-for-stm32.12.3.rel1.linux64_1.0.100.202403111256/tools/bin/../lib/gcc/arm-none-eabi/12.3.1/../../../../arm-none-eabi/lib/thumb/v7e-m/nofp/libm.a
END GROUP
START GROUP
LOAD /opt/st/stm32cubeide_1.15.1/plugins/com.st.stm32cube.ide.mcu.externaltools.gnu-tools-for-stm32.12.3.rel1.linux64_1.0.100.202403111256/tools/bin/../lib/gcc/arm-none-eabi/12.3.1/thumb/v7e-m/nofp/libgcc.a
LOAD /opt/st/stm32cubeide_1.15.1/plugins/com.st.stm32cube.ide.mcu.externaltools.gnu-tools-for-stm32.12.3.rel1.linux64_1.0.100.202403111256/tools/bin/../lib/gcc/arm-none-eabi/12.3.1/../../../../arm-none-eabi/lib/thumb/v7e-m/nofp/libc_nano.a
END GROUP
START GROUP
LOAD /opt/st/stm32cubeide_1.15.1/plugins/com.st.stm32cube.ide.mcu.externaltools.gnu-tools-for-stm32.12.3.rel1.linux64_1.0.100.202403111256/tools/bin/../lib/gcc/arm-none-eabi/12.3.1/thumb/v7e-m/nofp/libgcc.a
LOAD /opt/st/stm32cubeide_1.15.1/plugins/com.st.stm32cube.ide.mcu.externaltools.gnu-tools-for-stm32.12.3.rel1.linux64_1.0.100.202403111256/tools/bin/../lib/gcc/arm-none-eabi/12.3.1/../../../../arm-none-eabi/lib/thumb/v7e-m/nofp/libc_nano.a
LOAD /opt/st/stm32cubeide_1.15.1/plugins/com.st.stm32cube.ide.mcu.externaltools.gnu-tools-for-stm32.12.3.rel1.linux64_1.0.100.202403111256/tools/bin/../lib/gcc/arm-none-eabi/12.3.1/../../../../arm-none-eabi/lib/thumb/v7e-m/nofp/libnosys.a
END GROUP
START GROUP
LOAD /opt/st/stm32cubeide_1.15.1/plugins/com.st.stm32cube.ide.mcu.externaltools.gnu-tools-for-stm32.12.3.rel1.linux64_1.0.100.202403111256/tools/bin/../lib/gcc/arm-none-eabi/12.3.1/thumb/v7e-m/nofp/libgcc.a
LOAD /opt/st/stm32cubeide_1.15.1/plugins/com.st.stm32cube.ide.mcu.externaltools.gnu-tools-for-stm32.12.3.rel1.linux64_1.0.100.202403111256/tools/bin/../lib/gcc/arm-none-eabi/12.3.1/../../../../arm-none-eabi/lib/thumb/v7e-m/nofp/libc_nano.a
LOAD /opt/st/stm32cubeide_1.15.1/plugins/com.st.stm32cube.ide.mcu.externaltools.gnu-tools-for-stm32.12.3.rel1.linux64_1.0.100.202403111256/tools/bin/../lib/gcc/arm-none-eabi/12.3.1/../../../../arm-none-eabi/lib/thumb/v7e-m/nofp/libnosys.a
END GROUP
LOAD /opt/st/stm32cubeide_1.15.1/plugins/com.st.stm32cube.ide.mcu.externaltools.gnu-tools-for-stm32.12.3.rel1.linux64_1.0.100.202403111256/tools/bin/../lib/gcc/arm-none-eabi/12.3.1/thumb/v7e-m/nofp/crtend.o
LOAD /opt/st/stm32cubeide_1.15.1/plugins/com.st.stm32cube.ide.mcu.externaltools.gnu-tools-for-stm32.12.3.rel1.linux64_1.0.100.202403111256/tools/bin/../lib/gcc/arm-none-eabi/12.3.1/thumb/v7e-m/nofp/crtn.o
                0x20020000                        _estack = (ORIGIN (RAM) + LENGTH (RAM))
                0x00000200                        _Min_Heap_Size = 0x200
                0x00000400                        _Min_Stack_Size = 0x400

.isr_vector     0x08000000      0x188
                0x08000000                        . = ALIGN (0x4)
 *(.isr_vector)
 .isr_vector    0x08000000      0x188 ./Startup/startup_stm32f407vgtx.o
                0x08000000                g_pfnVectors
                0x08000188                        . = ALIGN (0x4)

.text           0x08000188      0xb84
                0x08000188                        . = ALIGN (0x4)
 *(.text)
 .text          0x08000188       0x40 /opt/st/stm32cubeide_1.15.1/plugins/com.st.stm32cube.ide.mcu.externaltools.gnu-tools-for-stm32.12.3.rel1.linux64_1.0.100.202403111256/tools/bin/../lib/gcc/arm-none-eabi/12.3.1/thumb/v7e-m/nofp/crtbegin.o
 *(.text*)
 .text.main     0x080001c8       0x34 ./Src/main.o
                0x080001c8                main
 .text.USART3_IRQHandler
                0x080001fc       0x14 ./Src/main.o
                0x080001fc                USART3_IRQHandler
 .text._read    0x08000210       0x3a ./Src/syscalls.o
                0x08000210                _read
 .text._write   0x0800024a       0x38 ./Src/syscalls.o
                0x0800024a                _write
 .text._close   0x08000282       0x16 ./Src/syscalls.o
                0x08000282                _close
 .text._fstat   0x08000298       0x1e ./Src/syscalls.o
                0x08000298                _fstat
 .text._isatty  0x080002b6       0x14 ./Src/syscalls.o
                0x080002b6                _isatty
 .text._lseek   0x080002ca       0x18 ./Src/syscalls.o
                0x080002ca                _lseek
 *fill*         0x080002e2        0x2 
 .text._sbrk    0x080002e4       0x6c ./Src/sysmem.o
                0x080002e4                _sbrk
 .text.Reset_Handler
                0x08000350       0x50 ./Startup/startup_stm32f407vgtx.o
                0x08000350                Reset_Handler
 .text.Default_Handler
                0x080003a0        0x2 ./Startup/startup_stm32f407vgtx.o
                0x080003a0                RTC_Alarm_IRQHandler
                0x080003a0                HASH_RNG_IRQHandler
                0x080003a0                EXTI2_IRQHandler
                0x080003a0                TIM8_CC_IRQHandler
                0x080003a0                DebugMon_Handler
                0x080003a0                TIM1_CC_IRQHandler
                0x080003a0                DMA2_Stream5_IRQHandler
                0x080003a0                HardFault_Handler
                0x080003a0                DMA1_Stream5_IRQHandler
                0x080003a0                SysTick_Handler
                0x080003a0                PVD_IRQHandler
                0x080003a0                SDIO_IRQHandler
                0x080003a0                TAMP_STAMP_IRQHandler
                0x080003a0                PendSV_Handler
                0x080003a0                NMI_Handler
                0x080003a0                CAN2_RX1_IRQHandler
                0x080003a0                EXTI3_IRQHandler
                0x080003a0                TIM8_TRG_COM_TIM14_IRQHandler
                0x080003a0                TIM1_UP_TIM10_IRQHandler
                0x080003a0                TIM8_UP_TIM13_IRQHandler
                0x080003a0                I2C3_ER_IRQHandler
                0x080003a0                EXTI0_IRQHandler
                0x080003a0                I2C2_EV_IRQHandler
                0x080003a0                DMA1_Stream2_IRQHandler
                0x080003a0                CAN1_RX0_IRQHandler
                0x080003a0                FPU_IRQHandler
                0x080003a0                OTG_HS_WKUP_IRQHandler
                0x080003a0                UsageFault_Handler
                0x080003a0                CAN2_SCE_IRQHandler
                0x080003a0                DMA2_Stream2_IRQHandler
                0x080003a0                SPI1_IRQHandler
                0x080003a0                TIM6_DAC_IRQHandler
                0x080003a0                TIM1_BRK_TIM9_IRQHandler
                0x080003a0                DCMI_IRQHandler
                0x080003a0                CAN2_RX0_IRQHandler
                0x080003a0                DMA2_Stream3_IRQHandler
                0x080003a0                USART6_IRQHandler
                0x080003a0                CRYP_IRQHandler
                0x080003a0                CAN1_RX1_IRQHandler
                0x080003a0                UART5_IRQHandler
                0x080003a0                DMA2_Stream0_IRQHandler
                0x080003a0                TIM4_IRQHandler
                0x080003a0                I2C1_EV_IRQHandler
                0x080003a0                DMA1_Stream6_IRQHandler
                0x080003a0                DMA1_Stream1_IRQHandler
                0x080003a0                UART4_IRQHandler
                0x080003a0                TIM3_IRQHandler
                0x080003a0                RCC_IRQHandler
                0x080003a0                TIM8_BRK_TIM12_IRQHandler
                0x080003a0                Default_Handler
                0x080003a0                EXTI15_10_IRQHandler
                0x080003a0                ADC_IRQHandler
                0x080003a0                DMA1_Stream7_IRQHandler
                0x080003a0                TIM7_IRQHandler
                0x080003a0                CAN2_TX_IRQHandler
                0x080003a0                TIM5_IRQHandler
                0x080003a0                DMA2_Stream7_IRQHandler
                0x080003a0                I2C3_EV_IRQHandler
                0x080003a0                EXTI9_5_IRQHandler
                0x080003a0                RTC_WKUP_IRQHandler
                0x080003a0                ETH_WKUP_IRQHandler
                0x080003a0                SPI2_IRQHandler
                0x080003a0                OTG_HS_EP1_IN_IRQHandler
                0x080003a0                MemManage_Handler
                0x080003a0                DMA1_Stream0_IRQHandler
                0x080003a0                CAN1_TX_IRQHandler
                0x080003a0                SVC_Handler
                0x080003a0                EXTI4_IRQHandler
                0x080003a0                FSMC_IRQHandler
                0x080003a0                ETH_IRQHandler
                0x080003a0                OTG_HS_EP1_OUT_IRQHandler
                0x080003a0                WWDG_IRQHandler
                0x080003a0                TIM2_IRQHandler
                0x080003a0                OTG_FS_WKUP_IRQHandler
                0x080003a0                TIM1_TRG_COM_TIM11_IRQHandler
                0x080003a0                OTG_HS_IRQHandler
                0x080003a0                EXTI1_IRQHandler
                0x080003a0                USART2_IRQHandler
                0x080003a0                I2C2_ER_IRQHandler
                0x080003a0                DMA2_Stream1_IRQHandler
                0x080003a0                CAN1_SCE_IRQHandler
                0x080003a0                DMA2_Stream4_IRQHandler
                0x080003a0                BusFault_Handler
                0x080003a0                USART1_IRQHandler
                0x080003a0                OTG_FS_IRQHandler
                0x080003a0                SPI3_IRQHandler
                0x080003a0                DMA1_Stream4_IRQHandler
                0x080003a0                I2C1_ER_IRQHandler
                0x080003a0                DMA2_Stream6_IRQHandler
                0x080003a0                DMA1_Stream3_IRQHandler
 *fill*         0x080003a2        0x2 
 .text.std      0x080003a4       0x6c /opt/st/stm32cubeide_1.15.1/plugins/com.st.stm32cube.ide.mcu.externaltools.gnu-tools-for-stm32.12.3.rel1.linux64_1.0.100.202403111256/tools/bin/../lib/gcc/arm-none-eabi/12.3.1/../../../../arm-none-eabi/lib/thumb/v7e-m/nofp/libc_nano.a(libc_a-findfp.o)
 .text.stdio_exit_handler
                0x08000410       0x18 /opt/st/stm32cubeide_1.15.1/plugins/com.st.stm32cube.ide.mcu.externaltools.gnu-tools-for-stm32.12.3.rel1.linux64_1.0.100.202403111256/tools/bin/../lib/gcc/arm-none-eabi/12.3.1/../../../../arm-none-eabi/lib/thumb/v7e-m/nofp/libc_nano.a(libc_a-findfp.o)
 .text.cleanup_stdio
                0x08000428       0x40 /opt/st/stm32cubeide_1.15.1/plugins/com.st.stm32cube.ide.mcu.externaltools.gnu-tools-for-stm32.12.3.rel1.linux64_1.0.100.202403111256/tools/bin/../lib/gcc/arm-none-eabi/12.3.1/../../../../arm-none-eabi/lib/thumb/v7e-m/nofp/libc_nano.a(libc_a-findfp.o)
 .text.global_stdio_init.part.0
                0x08000468       0x3c /opt/st/stm32cubeide_1.15.1/plugins/com.st.stm32cube.ide.mcu.externaltools.gnu-tools-for-stm32.12.3.rel1.linux64_1.0.100.202403111256/tools/bin/../lib/gcc/arm-none-eabi/12.3.1/../../../../arm-none-eabi/lib/thumb/v7e-m/nofp/libc_nano.a(libc_a-findfp.o)
 .text.__sfp_lock_acquire
                0x080004a4        0xc /opt/st/stm32cubeide_1.15.1/plugins/com.st.stm32cube.ide.mcu.externaltools.gnu-tools-for-stm32.12.3.rel1.linux64_1.0.100.202403111256/tools/bin/../lib/gcc/arm-none-eabi/12.3.1/../../../../arm-none-eabi/lib/thumb/v7e-m/nofp/libc_nano.a(libc_a-findfp.o)
                0x080004a4                __sfp_lock_acquire
 .text.__sfp_lock_release
                0x080004b0        0xc /opt/st/stm32cubeide_1.15.1/plugins/com.st.stm32cube.ide.mcu.externaltools.gnu-tools-for-stm32.12.3.rel1.linux64_1.0.100.202403111256/tools/bin/../lib/gcc/arm-none-eabi/12.3.1/../../../../arm-none-eabi/lib/thumb/v7e-m/nofp/libc_nano.a(libc_a-findfp.o)
                0x080004b0                __sfp_lock_release
 .text.__sinit  0x080004bc       0x30 /opt/st/stm32cubeide_1.15.1/plugins/com.st.stm32cube.ide.mcu.externaltools.gnu-tools-for-stm32.12.3.rel1.linux64_1.0.100.202403111256/tools/bin/../lib/gcc/arm-none-eabi/12.3.1/../../../../arm-none-eabi/lib/thumb/v7e-m/nofp/libc_nano.a(libc_a-findfp.o)
                0x080004bc                __sinit
 .text._fwalk_sglue
                0x080004ec       0x3c /opt/st/stm32cubeide_1.15.1/plugins/com.st.stm32cube.ide.mcu.externaltools.gnu-tools-for-stm32.12.3.rel1.linux64_1.0.100.202403111256/tools/bin/../lib/gcc/arm-none-eabi/12.3.1/../../../../arm-none-eabi/lib/thumb/v7e-m/nofp/libc_nano.a(libc_a-fwalk.o)
                0x080004ec                _fwalk_sglue
 .text._puts_r  0x08000528       0xaa /opt/st/stm32cubeide_1.15.1/plugins/com.st.stm32cube.ide.mcu.externaltools.gnu-tools-for-stm32.12.3.rel1.linux64_1.0.100.202403111256/tools/bin/../lib/gcc/arm-none-eabi/12.3.1/../../../../arm-none-eabi/lib/thumb/v7e-m/nofp/libc_nano.a(libc_a-puts.o)
                0x08000528                _puts_r
 *fill*         0x080005d2        0x2 
 .text.puts     0x080005d4       0x10 /opt/st/stm32cubeide_1.15.1/plugins/com.st.stm32cube.ide.mcu.externaltools.gnu-tools-for-stm32.12.3.rel1.linux64_1.0.100.202403111256/tools/bin/../lib/gcc/arm-none-eabi/12.3.1/../../../../arm-none-eabi/lib/thumb/v7e-m/nofp/libc_nano.a(libc_a-puts.o)
                0x080005d4                puts
 .text.__sread  0x080005e4       0x22 /opt/st/stm32cubeide_1.15.1/plugins/com.st.stm32cube.ide.mcu.externaltools.gnu-tools-for-stm32.12.3.rel1.linux64_1.0.100.202403111256/tools/bin/../lib/gcc/arm-none-eabi/12.3.1/../../../../arm-none-eabi/lib/thumb/v7e-m/nofp/libc_nano.a(libc_a-stdio.o)
                0x080005e4                __sread
 .text.__swrite
                0x08000606       0x38 /opt/st/stm32cubeide_1.15.1/plugins/com.st.stm32cube.ide.mcu.externaltools.gnu-tools-for-stm32.12.3.rel1.linux64_1.0.100.202403111256/tools/bin/../lib/gcc/arm-none-eabi/12.3.1/../../../../arm-none-eabi/lib/thumb/v7e-m/nofp/libc_nano.a(libc_a-stdio.o)
                0x08000606                __swrite
 .text.__sseek  0x0800063e       0x24 /opt/st/stm32cubeide_1.15.1/plugins/com.st.stm32cube.ide.mcu.externaltools.gnu-tools-for-stm32.12.3.rel1.linux64_1.0.100.202403111256/tools/bin/../lib/gcc/arm-none-eabi/12.3.1/../../../../arm-none-eabi/lib/thumb/v7e-m/nofp/libc_nano.a(libc_a-stdio.o)
                0x0800063e                __sseek
 .text.__sclose
                0x08000662        0x8 /opt/st/stm32cubeide_1.15.1/plugins/com.st.stm32cube.ide.mcu.externaltools.gnu-tools-for-stm32.12.3.rel1.linux64_1.0.100.202403111256/tools/bin/../lib/gcc/arm-none-eabi/12.3.1/../../../../arm-none-eabi/lib/thumb/v7e-m/nofp/libc_nano.a(libc_a-stdio.o)
                0x08000662                __sclose
 .text.__swbuf_r
                0x0800066a       0x7c /opt/st/stm32cubeide_1.15.1/plugins/com.st.stm32cube.ide.mcu.externaltools.gnu-tools-for-stm32.12.3.rel1.linux64_1.0.100.202403111256/tools/bin/../lib/gcc/arm-none-eabi/12.3.1/../../../../arm-none-eabi/lib/thumb/v7e-m/nofp/libc_nano.a(libc_a-wbuf.o)
                0x0800066a                __swbuf_r
 *fill*         0x080006e6        0x2 
 .text.__swsetup_r
                0x080006e8       0xac /opt/st/stm32cubeide_1.15.1/plugins/com.st.stm32cube.ide.mcu.externaltools.gnu-tools-for-stm32.12.3.rel1.linux64_1.0.100.202403111256/tools/bin/../lib/gcc/arm-none-eabi/12.3.1/../../../../arm-none-eabi/lib/thumb/v7e-m/nofp/libc_nano.a(libc_a-wsetup.o)
                0x080006e8                __swsetup_r
 .text.memset   0x08000794       0x10 /opt/st/stm32cubeide_1.15.1/plugins/com.st.stm32cube.ide.mcu.externaltools.gnu-tools-for-stm32.12.3.rel1.linux64_1.0.100.202403111256/tools/bin/../lib/gcc/arm-none-eabi/12.3.1/../../../../arm-none-eabi/lib/thumb/v7e-m/nofp/libc_nano.a(libc_a-memset.o)
                0x08000794                memset
 .text._close_r
                0x080007a4       0x20 /opt/st/stm32cubeide_1.15.1/plugins/com.st.stm32cube.ide.mcu.externaltools.gnu-tools-for-stm32.12.3.rel1.linux64_1.0.100.202403111256/tools/bin/../lib/gcc/arm-none-eabi/12.3.1/../../../../arm-none-eabi/lib/thumb/v7e-m/nofp/libc_nano.a(libc_a-closer.o)
                0x080007a4                _close_r
 .text._lseek_r
                0x080007c4       0x24 /opt/st/stm32cubeide_1.15.1/plugins/com.st.stm32cube.ide.mcu.externaltools.gnu-tools-for-stm32.12.3.rel1.linux64_1.0.100.202403111256/tools/bin/../lib/gcc/arm-none-eabi/12.3.1/../../../../arm-none-eabi/lib/thumb/v7e-m/nofp/libc_nano.a(libc_a-lseekr.o)
                0x080007c4                _lseek_r
 .text._read_r  0x080007e8       0x24 /opt/st/stm32cubeide_1.15.1/plugins/com.st.stm32cube.ide.mcu.externaltools.gnu-tools-for-stm32.12.3.rel1.linux64_1.0.100.202403111256/tools/bin/../lib/gcc/arm-none-eabi/12.3.1/../../../../arm-none-eabi/lib/thumb/v7e-m/nofp/libc_nano.a(libc_a-readr.o)
                0x080007e8                _read_r
 .text._write_r
                0x0800080c       0x24 /opt/st/stm32cubeide_1.15.1/plugins/com.st.stm32cube.ide.mcu.externaltools.gnu-tools-for-stm32.12.3.rel1.linux64_1.0.100.202403111256/tools/bin/../lib/gcc/arm-none-eabi/12.3.1/../../../../arm-none-eabi/lib/thumb/v7e-m/nofp/libc_nano.a(libc_a-writer.o)
                0x0800080c                _write_r
 .text.__errno  0x08000830        0xc /opt/st/stm32cubeide_1.15.1/plugins/com.st.stm32cube.ide.mcu.externaltools.gnu-tools-for-stm32.12.3.rel1.linux64_1.0.100.202403111256/tools/bin/../lib/gcc/arm-none-eabi/12.3.1/../../../../arm-none-eabi/lib/thumb/v7e-m/nofp/libc_nano.a(libc_a-errno.o)
                0x08000830                __errno
 .text.__libc_init_array
                0x0800083c       0x48 /opt/st/stm32cubeide_1.15.1/plugins/com.st.stm32cube.ide.mcu.externaltools.gnu-tools-for-stm32.12.3.rel1.linux64_1.0.100.202403111256/tools/bin/../lib/gcc/arm-none-eabi/12.3.1/../../../../arm-none-eabi/lib/thumb/v7e-m/nofp/libc_nano.a(libc_a-init.o)
                0x0800083c                __libc_init_array
 .text.__retarget_lock_init_recursive
                0x08000884        0x2 /opt/st/stm32cubeide_1.15.1/plugins/com.st.stm32cube.ide.mcu.externaltools.gnu-tools-for-stm32.12.3.rel1.linux64_1.0.100.202403111256/tools/bin/../lib/gcc/arm-none-eabi/12.3.1/../../../../arm-none-eabi/lib/thumb/v7e-m/nofp/libc_nano.a(libc_a-lock.o)
                0x08000884                __retarget_lock_init_recursive
 .text.__retarget_lock_acquire_recursive
                0x08000886        0x2 /opt/st/stm32cubeide_1.15.1/plugins/com.st.stm32cube.ide.mcu.externaltools.gnu-tools-for-stm32.12.3.rel1.linux64_1.0.100.202403111256/tools/bin/../lib/gcc/arm-none-eabi/12.3.1/../../../../arm-none-eabi/lib/thumb/v7e-m/nofp/libc_nano.a(libc_a-lock.o)
                0x08000886                __retarget_lock_acquire_recursive
 .text.__retarget_lock_release_recursive
                0x08000888        0x2 /opt/st/stm32cubeide_1.15.1/plugins/com.st.stm32cube.ide.mcu.externaltools.gnu-tools-for-stm32.12.3.rel1.linux64_1.0.100.202403111256/tools/bin/../lib/gcc/arm-none-eabi/12.3.1/../../../../arm-none-eabi/lib/thumb/v7e-m/nofp/libc_nano.a(libc_a-lock.o)
                0x08000888                __retarget_lock_release_recursive
 *fill*         0x0800088a        0x2 
 .text._free_r  0x0800088c       0x94 /opt/st/stm32cubeide_1.15.1/plugins/com.st.stm32cube.ide.mcu.externaltools.gnu-tools-for-stm32.12.3.rel1.linux64_1.0.100.202403111256/tools/bin/../lib/gcc/arm-none-eabi/12.3.1/../../../../arm-none-eabi/lib/thumb/v7e-m/nofp/libc_nano.a(libc_a-freer.o)
                0x0800088c                _free_r
 .text.sbrk_aligned
                0x08000920       0x44 /opt/st/stm32cubeide_1.15.1/plugins/com.st.stm32cube.ide.mcu.externaltools.gnu-tools-for-stm32.12.3.rel1.linux64_1.0.100.202403111256/tools/bin/../lib/gcc/arm-none-eabi/12.3.1/../../../../arm-none-eabi/lib/thumb/v7e-m/nofp/libc_nano.a(libc_a-mallocr.o)
 .text._malloc_r
                0x08000964      0x100 /opt/st/stm32cubeide_1.15.1/plugins/com.st.stm32cube.ide.mcu.externaltools.gnu-tools-for-stm32.12.3.rel1.linux64_1.0.100.202403111256/tools/bin/../lib/gcc/arm-none-eabi/12.3.1/../../../../arm-none-eabi/lib/thumb/v7e-m/nofp/libc_nano.a(libc_a-mallocr.o)
                0x08000964                _malloc_r
 .text.__malloc_lock
                0x08000a64        0xc /opt/st/stm32cubeide_1.15.1/plugins/com.st.stm32cube.ide.mcu.externaltools.gnu-tools-for-stm32.12.3.rel1.linux64_1.0.100.202403111256/tools/bin/../lib/gcc/arm-none-eabi/12.3.1/../../../../arm-none-eabi/lib/thumb/v7e-m/nofp/libc_nano.a(libc_a-mlock.o)
                0x08000a64                __malloc_lock
 .text.__malloc_unlock
                0x08000a70        0xc /opt/st/stm32cubeide_1.15.1/plugins/com.st.stm32cube.ide.mcu.externaltools.gnu-tools-for-stm32.12.3.rel1.linux64_1.0.100.202403111256/tools/bin/../lib/gcc/arm-none-eabi/12.3.1/../../../../arm-none-eabi/lib/thumb/v7e-m/nofp/libc_nano.a(libc_a-mlock.o)
                0x08000a70                __malloc_unlock
 .text.__sflush_r
                0x08000a7c      0x100 /opt/st/stm32cubeide_1.15.1/plugins/com.st.stm32cube.ide.mcu.externaltools.gnu-tools-for-stm32.12.3.rel1.linux64_1.0.100.202403111256/tools/bin/../lib/gcc/arm-none-eabi/12.3.1/../../../../arm-none-eabi/lib/thumb/v7e-m/nofp/libc_nano.a(libc_a-fflush.o)
                0x08000a7c                __sflush_r
 .text._fflush_r
                0x08000b7c       0x50 /opt/st/stm32cubeide_1.15.1/plugins/com.st.stm32cube.ide.mcu.externaltools.gnu-tools-for-stm32.12.3.rel1.linux64_1.0.100.202403111256/tools/bin/../lib/gcc/arm-none-eabi/12.3.1/../../../../arm-none-eabi/lib/thumb/v7e-m/nofp/libc_nano.a(libc_a-fflush.o)
                0x08000b7c                _fflush_r
 .text.__swhatbuf_r
                0x08000bcc       0x4c /opt/st/stm32cubeide_1.15.1/plugins/com.st.stm32cube.ide.mcu.externaltools.gnu-tools-for-stm32.12.3.rel1.linux64_1.0.100.202403111256/tools/bin/../lib/gcc/arm-none-eabi/12.3.1/../../../../arm-none-eabi/lib/thumb/v7e-m/nofp/libc_nano.a(libc_a-makebuf.o)
                0x08000bcc                __swhatbuf_r
 .text.__smakebuf_r
                0x08000c18       0x78 /opt/st/stm32cubeide_1.15.1/plugins/com.st.stm32cube.ide.mcu.externaltools.gnu-tools-for-stm32.12.3.rel1.linux64_1.0.100.202403111256/tools/bin/../lib/gcc/arm-none-eabi/12.3.1/../../../../arm-none-eabi/lib/thumb/v7e-m/nofp/libc_nano.a(libc_a-makebuf.o)
                0x08000c18                __smakebuf_r
 .text._fstat_r
                0x08000c90       0x24 /opt/st/stm32cubeide_1.15.1/plugins/com.st.stm32cube.ide.mcu.externaltools.gnu-tools-for-stm32.12.3.rel1.linux64_1.0.100.202403111256/tools/bin/../lib/gcc/arm-none-eabi/12.3.1/../../../../arm-none-eabi/lib/thumb/v7e-m/nofp/libc_nano.a(libc_a-fstatr.o)
                0x08000c90                _fstat_r
 .text._isatty_r
                0x08000cb4       0x20 /opt/st/stm32cubeide_1.15.1/plugins/com.st.stm32cube.ide.mcu.externaltools.gnu-tools-for-stm32.12.3.rel1.linux64_1.0.100.202403111256/tools/bin/../lib/gcc/arm-none-eabi/12.3.1/../../../../arm-none-eabi/lib/thumb/v7e-m/nofp/libc_nano.a(libc_a-isattyr.o)
                0x08000cb4                _isatty_r
 .text._sbrk_r  0x08000cd4       0x20 /opt/st/stm32cubeide_1.15.1/plugins/com.st.stm32cube.ide.mcu.externaltools.gnu-tools-for-stm32.12.3.rel1.linux64_1.0.100.202403111256/tools/bin/../lib/gcc/arm-none-eabi/12.3.1/../../../../arm-none-eabi/lib/thumb/v7e-m/nofp/libc_nano.a(libc_a-sbrkr.o)
                0x08000cd4                _sbrk_r
 *(.glue_7)
 .glue_7        0x08000cf4        0x0 linker stubs
 *(.glue_7t)
 .glue_7t       0x08000cf4        0x0 linker stubs
 *(.eh_frame)
 .eh_frame      0x08000cf4        0x0 /opt/st/stm32cubeide_1.15.1/plugins/com.st.stm32cube.ide.mcu.externaltools.gnu-tools-for-stm32.12.3.rel1.linux64_1.0.100.202403111256/tools/bin/../lib/gcc/arm-none-eabi/12.3.1/thumb/v7e-m/nofp/crtbegin.o
 *(.init)
 .init          0x08000cf4        0x4 /opt/st/stm32cubeide_1.15.1/plugins/com.st.stm32cube.ide.mcu.externaltools.gnu-tools-for-stm32.12.3.rel1.linux64_1.0.100.202403111256/tools/bin/../lib/gcc/arm-none-eabi/12.3.1/thumb/v7e-m/nofp/crti.o
                0x08000cf4                _init
 .init          0x08000cf8        0x8 /opt/st/stm32cubeide_1.15.1/plugins/com.st.stm32cube.ide.mcu.externaltools.gnu-tools-for-stm32.12.3.rel1.linux64_1.0.100.202403111256/tools/bin/../lib/gcc/arm-none-eabi/12.3.1/thumb/v7e-m/nofp/crtn.o
 *(.fini)
 .fini          0x08000d00        0x4 /opt/st/stm32cubeide_1.15.1/plugins/com.st.stm32cube.ide.mcu.externaltools.gnu-tools-for-stm32.12.3.rel1.linux64_1.0.100.202403111256/tools/bin/../lib/gcc/arm-none-eabi/12.3.1/thumb/v7e-m/nofp/crti.o
                0x08000d00                _fini
 .fini          0x08000d04        0x8 /opt/st/stm32cubeide_1.15.1/plugins/com.st.stm32cube.ide.mcu.externaltools.gnu-tools-for-stm32.12.3.rel1.linux64_1.0.100.202403111256/tools/bin/../lib/gcc/arm-none-eabi/12.3.1/thumb/v7e-m/nofp/crtn.o
                0x08000d0c                        . = ALIGN (0x4)
                0x08000d0c                        _etext = .

.vfp11_veneer   0x08000d0c        0x0
 .vfp11_veneer  0x08000d0c        0x0 linker stubs

.v4_bx          0x08000d0c        0x0
 .v4_bx         0x08000d0c        0x0 linker stubs

.iplt           0x08000d0c        0x0
 .iplt          0x08000d0c        0x0 /opt/st/stm32cubeide_1.15.1/plugins/com.st.stm32cube.ide.mcu.externaltools.gnu-tools-for-stm32.12.3.rel1.linux64_1.0.100.202403111256/tools/bin/../lib/gcc/arm-none-eabi/12.3.1/thumb/v7e-m/nofp/crtbegin.o

.rodata         0x08000d0c       0x14
                0x08000d0c                        . = ALIGN (0x4)
 *(.rodata)
 .rodata        0x08000d0c       0x11 ./Src/main.o
 *(.rodata*)
                0x08000d20                        . = ALIGN (0x4)
 *fill*         0x08000d1d        0x3 

.ARM.extab      0x08000d20        0x0
                0x08000d20                        . = ALIGN (0x4)
 *(.ARM.extab* .gnu.linkonce.armextab.*)
                0x08000d20                        . = ALIGN (0x4)

.ARM            0x08000d20        0x0
                0x08000d20                        . = ALIGN (0x4)
                0x08000d20                        __exidx_start = .
 *(.ARM.exidx*)
                0x08000d20                        __exidx_end = .
                0x08000d20                        . = ALIGN (0x4)

.preinit_array  0x08000d20        0x0
                0x08000d20                        . = ALIGN (0x4)
                0x08000d20                        PROVIDE (__preinit_array_start = .)
 *(.preinit_array*)
                0x08000d20                        PROVIDE (__preinit_array_end = .)
                0x08000d20                        . = ALIGN (0x4)

.init_array     0x08000d20        0x4
                0x08000d20                        . = ALIGN (0x4)
                0x08000d20                        PROVIDE (__init_array_start = .)
 *(SORT_BY_NAME(.init_array.*))
 *(.init_array*)
 .init_array    0x08000d20        0x4 /opt/st/stm32cubeide_1.15.1/plugins/com.st.stm32cube.ide.mcu.externaltools.gnu-tools-for-stm32.12.3.rel1.linux64_1.0.100.202403111256/tools/bin/../lib/gcc/arm-none-eabi/12.3.1/thumb/v7e-m/nofp/crtbegin.o
                0x08000d24                        PROVIDE (__init_array_end = .)
                0x08000d24                        . = ALIGN (0x4)

.fini_array     0x08000d24        0x4
                0x08000d24                        . = ALIGN (0x4)
                [!provide]                        PROVIDE (__fini_array_start = .)
 *(SORT_BY_NAME(.fini_array.*))
 *(.fini_array*)
 .fini_array    0x08000d24        0x4 /opt/st/stm32cubeide_1.15.1/plugins/com.st.stm32cube.ide.mcu.externaltools.gnu-tools-for-stm32.12.3.rel1.linux64_1.0.100.202403111256/tools/bin/../lib/gcc/arm-none-eabi/12.3.1/thumb/v7e-m/nofp/crtbegin.o
                [!provide]                        PROVIDE (__fini_array_end = .)
                0x08000d28                        . = ALIGN (0x4)
                0x08000d28                        _sidata = LOADADDR (.data)

.rel.dyn        0x08000d28        0x0
 .rel.iplt      0x08000d28        0x0 /opt/st/stm32cubeide_1.15.1/plugins/com.st.stm32cube.ide.mcu.externaltools.gnu-tools-for-stm32.12.3.rel1.linux64_1.0.100.202403111256/tools/bin/../lib/gcc/arm-none-eabi/12.3.1/thumb/v7e-m/nofp/crtbegin.o

.data           0x20000000       0x5c load address 0x08000d28
                0x20000000                        . = ALIGN (0x4)
                0x20000000                        _sdata = .
 *(.data)
 *(.data*)
 .data.__sglue  0x20000000        0xc /opt/st/stm32cubeide_1.15.1/plugins/com.st.stm32cube.ide.mcu.externaltools.gnu-tools-for-stm32.12.3.rel1.linux64_1.0.100.202403111256/tools/bin/../lib/gcc/arm-none-eabi/12.3.1/../../../../arm-none-eabi/lib/thumb/v7e-m/nofp/libc_nano.a(libc_a-findfp.o)
                0x20000000                __sglue
 .data._impure_ptr
                0x2000000c        0x4 /opt/st/stm32cubeide_1.15.1/plugins/com.st.stm32cube.ide.mcu.externaltools.gnu-tools-for-stm32.12.3.rel1.linux64_1.0.100.202403111256/tools/bin/../lib/gcc/arm-none-eabi/12.3.1/../../../../arm-none-eabi/lib/thumb/v7e-m/nofp/libc_nano.a(libc_a-impure.o)
                0x2000000c                _impure_ptr
 .data._impure_data
                0x20000010       0x4c /opt/st/stm32cubeide_1.15.1/plugins/com.st.stm32cube.ide.mcu.externaltools.gnu-tools-for-stm32.12.3.rel1.linux64_1.0.100.202403111256/tools/bin/../lib/gcc/arm-none-eabi/12.3.1/../../../../arm-none-eabi/lib/thumb/v7e-m/nofp/libc_nano.a(libc_a-impure.o)
                0x20000010                _impure_data
 *(.RamFunc)
 *(.RamFunc*)
                0x2000005c                        . = ALIGN (0x4)
                0x2000005c                        _edata = .
                0x08000d84                        _siccmram = LOADADDR (.ccmram)

.igot.plt       0x2000005c        0x0 load address 0x08000d84
 .igot.plt      0x2000005c        0x0 /opt/st/stm32cubeide_1.15.1/plugins/com.st.stm32cube.ide.mcu.externaltools.gnu-tools-for-stm32.12.3.rel1.linux64_1.0.100.202403111256/tools/bin/../lib/gcc/arm-none-eabi/12.3.1/thumb/v7e-m/nofp/crtbegin.o

.ccmram         0x10000000        0x0 load address 0x08000d84
                0x10000000                        . = ALIGN (0x4)
                0x10000000                        _sccmram = .
 *(.ccmram)
 *(.ccmram*)
                0x10000000                        . = ALIGN (0x4)
                0x10000000                        _eccmram = .
                0x10000000                        . = ALIGN (0x4)

.bss            0x2000005c      0x16c
                0x2000005c                        _sbss = .
                0x2000005c                        __bss_start__ = _sbss
 *(.bss)
 .bss           0x2000005c       0x1c /opt/st/stm32cubeide_1.15.1/plugins/com.st.stm32cube.ide.mcu.externaltools.gnu-tools-for-stm32.12.3.rel1.linux64_1.0.100.202403111256/tools/bin/../lib/gcc/arm-none-eabi/12.3.1/thumb/v7e-m/nofp/crtbegin.o
 *(.bss*)
 .bss.__sbrk_heap_end
                0x20000078        0x4 ./Src/sysmem.o
 .bss.__sf      0x2000007c      0x138 /opt/st/stm32cubeide_1.15.1/plugins/com.st.stm32cube.ide.mcu.externaltools.gnu-tools-for-stm32.12.3.rel1.linux64_1.0.100.202403111256/tools/bin/../lib/gcc/arm-none-eabi/12.3.1/../../../../arm-none-eabi/lib/thumb/v7e-m/nofp/libc_nano.a(libc_a-findfp.o)
                0x2000007c                __sf
 .bss.__stdio_exit_handler
                0x200001b4        0x4 /opt/st/stm32cubeide_1.15.1/plugins/com.st.stm32cube.ide.mcu.externaltools.gnu-tools-for-stm32.12.3.rel1.linux64_1.0.100.202403111256/tools/bin/../lib/gcc/arm-none-eabi/12.3.1/../../../../arm-none-eabi/lib/thumb/v7e-m/nofp/libc_nano.a(libc_a-findfp.o)
                0x200001b4                __stdio_exit_handler
 .bss.errno     0x200001b8        0x4 /opt/st/stm32cubeide_1.15.1/plugins/com.st.stm32cube.ide.mcu.externaltools.gnu-tools-for-stm32.12.3.rel1.linux64_1.0.100.202403111256/tools/bin/../lib/gcc/arm-none-eabi/12.3.1/../../../../arm-none-eabi/lib/thumb/v7e-m/nofp/libc_nano.a(libc_a-reent.o)
                0x200001b8                errno
 .bss.__lock___malloc_recursive_mutex
                0x200001bc        0x1 /opt/st/stm32cubeide_1.15.1/plugins/com.st.stm32cube.ide.mcu.externaltools.gnu-tools-for-stm32.12.3.rel1.linux64_1.0.100.202403111256/tools/bin/../lib/gcc/arm-none-eabi/12.3.1/../../../../arm-none-eabi/lib/thumb/v7e-m/nofp/libc_nano.a(libc_a-lock.o)
                0x200001bc                __lock___malloc_recursive_mutex
 .bss.__lock___sfp_recursive_mutex
                0x200001bd        0x1 /opt/st/stm32cubeide_1.15.1/plugins/com.st.stm32cube.ide.mcu.externaltools.gnu-tools-for-stm32.12.3.rel1.linux64_1.0.100.202403111256/tools/bin/../lib/gcc/arm-none-eabi/12.3.1/../../../../arm-none-eabi/lib/thumb/v7e-m/nofp/libc_nano.a(libc_a-lock.o)
                0x200001bd                __lock___sfp_recursive_mutex
 *fill*         0x200001be        0x2 
 .bss.__malloc_sbrk_start
                0x200001c0        0x4 /opt/st/stm32cubeide_1.15.1/plugins/com.st.stm32cube.ide.mcu.externaltools.gnu-tools-for-stm32.12.3.rel1.linux64_1.0.100.202403111256/tools/bin/../lib/gcc/arm-none-eabi/12.3.1/../../../../arm-none-eabi/lib/thumb/v7e-m/nofp/libc_nano.a(libc_a-mallocr.o)
                0x200001c0                __malloc_sbrk_start
 .bss.__malloc_free_list
                0x200001c4        0x4 /opt/st/stm32cubeide_1.15.1/plugins/com.st.stm32cube.ide.mcu.externaltools.gnu-tools-for-stm32.12.3.rel1.linux64_1.0.100.202403111256/tools/bin/../lib/gcc/arm-none-eabi/12.3.1/../../../../arm-none-eabi/lib/thumb/v7e-m/nofp/libc_nano.a(libc_a-mallocr.o)
                0x200001c4                __malloc_free_list
 *(COMMON)
                0x200001c8                        . = ALIGN (0x4)
                0x200001c8                        _ebss = .
                0x200001c8                        __bss_end__ = _ebss

._user_heap_stack
                0x200001c8      0x600
                0x200001c8                        . = ALIGN (0x8)
                [!provide]                        PROVIDE (end = .)
                0x200001c8                        PROVIDE (_end = .)
                0x200003c8                        . = (. + _Min_Heap_Size)
 *fill*         0x200001c8      0x200 
                0x200007c8                        . = (. + _Min_Stack_Size)
 *fill*         0x200003c8      0x400 
                0x200007c8                        . = ALIGN (0x8)

/DISCARD/
 libc.a(*)
 libm.a(*)
 libgcc.a(*)

.ARM.attributes
                0x00000000       0x2a
 *(.ARM.attributes)
 .ARM.attributes
                0x00000000       0x1e /opt/st/stm32cubeide_1.15.1/plugins/com.st.stm32cube.ide.mcu.externaltools.gnu-tools-for-stm32.12.3.rel1.linux64_1.0.100.202403111256/tools/bin/../lib/gcc/arm-none-eabi/12.3.1/thumb/v7e-m/nofp/crti.o
 .ARM.attributes
                0x0000001e       0x2e /opt/st/stm32cubeide_1.15.1/plugins/com.st.stm32cube.ide.mcu.externaltools.gnu-tools-for-stm32.12.3.rel1.linux64_1.0.100.202403111256/tools/bin/../lib/gcc/arm-none-eabi/12.3.1/thumb/v7e-m/nofp/crtbegin.o
 .ARM.attributes
                0x0000004c       0x2e ./Src/main.o
 .ARM.attributes
                0x0000007a       0x2e ./Src/syscalls.o
 .ARM.attributes
                0x000000a8       0x2e ./Src/sysmem.o
 .ARM.attributes
                0x000000d6       0x21 ./Startup/startup_stm32f407vgtx.o
 .ARM.attributes
                0x000000f7       0x2e /opt/st/stm32cubeide_1.15.1/plugins/com.st.stm32cube.ide.mcu.externaltools.gnu-tools-for-stm32.12.3.rel1.linux64_1.0.100.202403111256/tools/bin/../lib/gcc/arm-none-eabi/12.3.1/../../../../arm-none-eabi/lib/thumb/v7e-m/nofp/libc_nano.a(libc_a-findfp.o)
 .ARM.attributes
                0x00000125       0x2e /opt/st/stm32cubeide_1.15.1/plugins/com.st.stm32cube.ide.mcu.externaltools.gnu-tools-for-stm32.12.3.rel1.linux64_1.0.100.202403111256/tools/bin/../lib/gcc/arm-none-eabi/12.3.1/../../../../arm-none-eabi/lib/thumb/v7e-m/nofp/libc_nano.a(libc_a-fwalk.o)
 .ARM.attributes
                0x00000153       0x2e /opt/st/stm32cubeide_1.15.1/plugins/com.st.stm32cube.ide.mcu.externaltools.gnu-tools-for-stm32.12.3.rel1.linux64_1.0.100.202403111256/tools/bin/../lib/gcc/arm-none-eabi/12.3.1/../../../../arm-none-eabi/lib/thumb/v7e-m/nofp/libc_nano.a(libc_a-puts.o)
 .ARM.attributes
                0x00000181       0x2e /opt/st/stm32cubeide_1.15.1/plugins/com.st.stm32cube.ide.mcu.externaltools.gnu-tools-for-stm32.12.3.rel1.linux64_1.0.100.202403111256/tools/bin/../lib/gcc/arm-none-eabi/12.3.1/../../../../arm-none-eabi/lib/thumb/v7e-m/nofp/libc_nano.a(libc_a-stdio.o)
 .ARM.attributes
                0x000001af       0x2e /opt/st/stm32cubeide_1.15.1/plugins/com.st.stm32cube.ide.mcu.externaltools.gnu-tools-for-stm32.12.3.rel1.linux64_1.0.100.202403111256/tools/bin/../lib/gcc/arm-none-eabi/12.3.1/../../../../arm-none-eabi/lib/thumb/v7e-m/nofp/libc_nano.a(libc_a-wbuf.o)
 .ARM.attributes
                0x000001dd       0x2e /opt/st/stm32cubeide_1.15.1/plugins/com.st.stm32cube.ide.mcu.externaltools.gnu-tools-for-stm32.12.3.rel1.linux64_1.0.100.202403111256/tools/bin/../lib/gcc/arm-none-eabi/12.3.1/../../../../arm-none-eabi/lib/thumb/v7e-m/nofp/libc_nano.a(libc_a-wsetup.o)
 .ARM.attributes
                0x0000020b       0x2e /opt/st/stm32cubeide_1.15.1/plugins/com.st.stm32cube.ide.mcu.externaltools.gnu-tools-for-stm32.12.3.rel1.linux64_1.0.100.202403111256/tools/bin/../lib/gcc/arm-none-eabi/12.3.1/../../../../arm-none-eabi/lib/thumb/v7e-m/nofp/libc_nano.a(libc_a-memset.o)
 .ARM.attributes
                0x00000239       0x2e /opt/st/stm32cubeide_1.15.1/plugins/com.st.stm32cube.ide.mcu.externaltools.gnu-tools-for-stm32.12.3.rel1.linux64_1.0.100.202403111256/tools/bin/../lib/gcc/arm-none-eabi/12.3.1/../../../../arm-none-eabi/lib/thumb/v7e-m/nofp/libc_nano.a(libc_a-closer.o)
 .ARM.attributes
                0x00000267       0x2e /opt/st/stm32cubeide_1.15.1/plugins/com.st.stm32cube.ide.mcu.externaltools.gnu-tools-for-stm32.12.3.rel1.linux64_1.0.100.202403111256/tools/bin/../lib/gcc/arm-none-eabi/12.3.1/../../../../arm-none-eabi/lib/thumb/v7e-m/nofp/libc_nano.a(libc_a-reent.o)
 .ARM.attributes
                0x00000295       0x2e /opt/st/stm32cubeide_1.15.1/plugins/com.st.stm32cube.ide.mcu.externaltools.gnu-tools-for-stm32.12.3.rel1.linux64_1.0.100.202403111256/tools/bin/../lib/gcc/arm-none-eabi/12.3.1/../../../../arm-none-eabi/lib/thumb/v7e-m/nofp/libc_nano.a(libc_a-impure.o)
 .ARM.attributes
                0x000002c3       0x2e /opt/st/stm32cubeide_1.15.1/plugins/com.st.stm32cube.ide.mcu.externaltools.gnu-tools-for-stm32.12.3.rel1.linux64_1.0.100.202403111256/tools/bin/../lib/gcc/arm-none-eabi/12.3.1/../../../../arm-none-eabi/lib/thumb/v7e-m/nofp/libc_nano.a(libc_a-lseekr.o)
 .ARM.attributes
                0x000002f1       0x2e /opt/st/stm32cubeide_1.15.1/plugins/com.st.stm32cube.ide.mcu.externaltools.gnu-tools-for-stm32.12.3.rel1.linux64_1.0.100.202403111256/tools/bin/../lib/gcc/arm-none-eabi/12.3.1/../../../../arm-none-eabi/lib/thumb/v7e-m/nofp/libc_nano.a(libc_a-readr.o)
 .ARM.attributes
                0x0000031f       0x2e /opt/st/stm32cubeide_1.15.1/plugins/com.st.stm32cube.ide.mcu.externaltools.gnu-tools-for-stm32.12.3.rel1.linux64_1.0.100.202403111256/tools/bin/../lib/gcc/arm-none-eabi/12.3.1/../../../../arm-none-eabi/lib/thumb/v7e-m/nofp/libc_nano.a(libc_a-writer.o)
 .ARM.attributes
                0x0000034d       0x2e /opt/st/stm32cubeide_1.15.1/plugins/com.st.stm32cube.ide.mcu.externaltools.gnu-tools-for-stm32.12.3.rel1.linux64_1.0.100.202403111256/tools/bin/../lib/gcc/arm-none-eabi/12.3.1/../../../../arm-none-eabi/lib/thumb/v7e-m/nofp/libc_nano.a(libc_a-errno.o)
 .ARM.attributes
                0x0000037b       0x2e /opt/st/stm32cubeide_1.15.1/plugins/com.st.stm32cube.ide.mcu.externaltools.gnu-tools-for-stm32.12.3.rel1.linux64_1.0.100.202403111256/tools/bin/../lib/gcc/arm-none-eabi/12.3.1/../../../../arm-none-eabi/lib/thumb/v7e-m/nofp/libc_nano.a(libc_a-init.o)
 .ARM.attributes
                0x000003a9       0x2e /opt/st/stm32cubeide_1.15.1/plugins/com.st.stm32cube.ide.mcu.externaltools.gnu-tools-for-stm32.12.3.rel1.linux64_1.0.100.202403111256/tools/bin/../lib/gcc/arm-none-eabi/12.3.1/../../../../arm-none-eabi/lib/thumb/v7e-m/nofp/libc_nano.a(libc_a-lock.o)
 .ARM.attributes
                0x000003d7       0x2e /opt/st/stm32cubeide_1.15.1/plugins/com.st.stm32cube.ide.mcu.externaltools.gnu-tools-for-stm32.12.3.rel1.linux64_1.0.100.202403111256/tools/bin/../lib/gcc/arm-none-eabi/12.3.1/../../../../arm-none-eabi/lib/thumb/v7e-m/nofp/libc_nano.a(libc_a-freer.o)
 .ARM.attributes
                0x00000405       0x2e /opt/st/stm32cubeide_1.15.1/plugins/com.st.stm32cube.ide.mcu.externaltools.gnu-tools-for-stm32.12.3.rel1.linux64_1.0.100.202403111256/tools/bin/../lib/gcc/arm-none-eabi/12.3.1/../../../../arm-none-eabi/lib/thumb/v7e-m/nofp/libc_nano.a(libc_a-mallocr.o)
 .ARM.attributes
                0x00000433       0x2e /opt/st/stm32cubeide_1.15.1/plugins/com.st.stm32cube.ide.mcu.externaltools.gnu-tools-for-stm32.12.3.rel1.linux64_1.0.100.202403111256/tools/bin/../lib/gcc/arm-none-eabi/12.3.1/../../../../arm-none-eabi/lib/thumb/v7e-m/nofp/libc_nano.a(libc_a-mlock.o)
 .ARM.attributes
                0x00000461       0x2e /opt/st/stm32cubeide_1.15.1/plugins/com.st.stm32cube.ide.mcu.externaltools.gnu-tools-for-stm32.12.3.rel1.linux64_1.0.100.202403111256/tools/bin/../lib/gcc/arm-none-eabi/12.3.1/../../../../arm-none-eabi/lib/thumb/v7e-m/nofp/libc_nano.a(libc_a-fflush.o)
 .ARM.attributes
                0x0000048f       0x2e /opt/st/stm32cubeide_1.15.1/plugins/com.st.stm32cube.ide.mcu.externaltools.gnu-tools-for-stm32.12.3.rel1.linux64_1.0.100.202403111256/tools/bin/../lib/gcc/arm-none-eabi/12.3.1/../../../../arm-none-eabi/lib/thumb/v7e-m/nofp/libc_nano.a(libc_a-makebuf.o)
 .ARM.attributes
                0x000004bd       0x2e /opt/st/stm32cubeide_1.15.1/plugins/com.st.stm32cube.ide.mcu.externaltools.gnu-tools-for-stm32.12.3.rel1.linux64_1.0.100.202403111256/tools/bin/../lib/gcc/arm-none-eabi/12.3.1/../../../../arm-none-eabi/lib/thumb/v7e-m/nofp/libc_nano.a(libc_a-fstatr.o)
 .ARM.attributes
                0x000004eb       0x2e /opt/st/stm32cubeide_1.15.1/plugins/com.st.stm32cube.ide.mcu.externaltools.gnu-tools-for-stm32.12.3.rel1.linux64_1.0.100.202403111256/tools/bin/../lib/gcc/arm-none-eabi/12.3.1/../../../../arm-none-eabi/lib/thumb/v7e-m/nofp/libc_nano.a(libc_a-isattyr.o)
 .ARM.attributes
                0x00000519       0x2e /opt/st/stm32cubeide_1.15.1/plugins/com.st.stm32cube.ide.mcu.externaltools.gnu-tools-for-stm32.12.3.rel1.linux64_1.0.100.202403111256/tools/bin/../lib/gcc/arm-none-eabi/12.3.1/../../../../arm-none-eabi/lib/thumb/v7e-m/nofp/libc_nano.a(libc_a-sbrkr.o)
 .ARM.attributes
                0x00000547       0x1e /opt/st/stm32cubeide_1.15.1/plugins/com.st.stm32cube.ide.mcu.externaltools.gnu-tools-for-stm32.12.3.rel1.linux64_1.0.100.202403111256/tools/bin/../lib/gcc/arm-none-eabi/12.3.1/thumb/v7e-m/nofp/crtn.o
OUTPUT(Peripheral_interrupt.elf elf32-littlearm)
LOAD linker stubs
LOAD /opt/st/stm32cubeide_1.15.1/plugins/com.st.stm32cube.ide.mcu.externaltools.gnu-tools-for-stm32.12.3.rel1.linux64_1.0.100.202403111256/tools/bin/../lib/gcc/arm-none-eabi/12.3.1/../../../../arm-none-eabi/lib/thumb/v7e-m/nofp/libc.a
LOAD /opt/st/stm32cubeide_1.15.1/plugins/com.st.stm32cube.ide.mcu.externaltools.gnu-tools-for-stm32.12.3.rel1.linux64_1.0.100.202403111256/tools/bin/../lib/gcc/arm-none-eabi/12.3.1/../../../../arm-none-eabi/lib/thumb/v7e-m/nofp/libm.a
LOAD /opt/st/stm32cubeide_1.15.1/plugins/com.st.stm32cube.ide.mcu.externaltools.gnu-tools-for-stm32.12.3.rel1.linux64_1.0.100.202403111256/tools/bin/../lib/gcc/arm-none-eabi/12.3.1/thumb/v7e-m/nofp/libgcc.a

.debug_info     0x00000000      0x91f
 .debug_info    0x00000000       0xe4 ./Src/main.o
 .debug_info    0x000000e4      0x6a3 ./Src/syscalls.o
 .debug_info    0x00000787      0x168 ./Src/sysmem.o
 .debug_info    0x000008ef       0x30 ./Startup/startup_stm32f407vgtx.o

.debug_abbrev   0x00000000      0x323
 .debug_abbrev  0x00000000       0x8d ./Src/main.o
 .debug_abbrev  0x0000008d      0x1b6 ./Src/syscalls.o
 .debug_abbrev  0x00000243       0xbc ./Src/sysmem.o
 .debug_abbrev  0x000002ff       0x24 ./Startup/startup_stm32f407vgtx.o

.debug_aranges  0x00000000      0x118
 .debug_aranges
                0x00000000       0x28 ./Src/main.o
 .debug_aranges
                0x00000028       0xa8 ./Src/syscalls.o
 .debug_aranges
                0x000000d0       0x20 ./Src/sysmem.o
 .debug_aranges
                0x000000f0       0x28 ./Startup/startup_stm32f407vgtx.o

.debug_rnglists
                0x00000000       0xbe
 .debug_rnglists
                0x00000000       0x19 ./Src/main.o
 .debug_rnglists
                0x00000019       0x79 ./Src/syscalls.o
 .debug_rnglists
                0x00000092       0x13 ./Src/sysmem.o
 .debug_rnglists
                0x000000a5       0x19 ./Startup/startup_stm32f407vgtx.o

.debug_macro    0x00000000     0x2cb2
 .debug_macro   0x00000000      0x146 ./Src/main.o
 .debug_macro   0x00000146      0xab4 ./Src/main.o
 .debug_macro   0x00000bfa       0x22 ./Src/main.o
 .debug_macro   0x00000c1c       0x8e ./Src/main.o
 .debug_macro   0x00000caa       0x51 ./Src/main.o
 .debug_macro   0x00000cfb      0x103 ./Src/main.o
 .debug_macro   0x00000dfe       0x6a ./Src/main.o
 .debug_macro   0x00000e68      0x1df ./Src/main.o
 .debug_macro   0x00001047       0x61 ./Src/main.o
 .debug_macro   0x000010a8       0x24 ./Src/main.o
 .debug_macro   0x000010cc       0x43 ./Src/main.o
 .debug_macro   0x0000110f       0x34 ./Src/main.o
 .debug_macro   0x00001143       0x16 ./Src/main.o
 .debug_macro   0x00001159       0x9e ./Src/main.o
 .debug_macro   0x000011f7      0x369 ./Src/main.o
 .debug_macro   0x00001560      0x10b ./Src/main.o
 .debug_macro   0x0000166b       0x10 ./Src/main.o
 .debug_macro   0x0000167b       0x16 ./Src/main.o
 .debug_macro   0x00001691       0x43 ./Src/main.o
 .debug_macro   0x000016d4       0x34 ./Src/main.o
 .debug_macro   0x00001708       0x10 ./Src/main.o
 .debug_macro   0x00001718       0x58 ./Src/main.o
 .debug_macro   0x00001770       0x8e ./Src/main.o
 .debug_macro   0x000017fe       0x1c ./Src/main.o
 .debug_macro   0x0000181a      0x177 ./Src/main.o
 .debug_macro   0x00001991       0x16 ./Src/main.o
 .debug_macro   0x000019a7       0x16 ./Src/main.o
 .debug_macro   0x000019bd      0x146 ./Src/main.o
 .debug_macro   0x00001b03      0x274 ./Src/syscalls.o
 .debug_macro   0x00001d77       0x5b ./Src/syscalls.o
 .debug_macro   0x00001dd2       0x94 ./Src/syscalls.o
 .debug_macro   0x00001e66       0x57 ./Src/syscalls.o
 .debug_macro   0x00001ebd      0x189 ./Src/syscalls.o
 .debug_macro   0x00002046       0x10 ./Src/syscalls.o
 .debug_macro   0x00002056       0x35 ./Src/syscalls.o
 .debug_macro   0x0000208b       0x10 ./Src/syscalls.o
 .debug_macro   0x0000209b       0x10 ./Src/syscalls.o
 .debug_macro   0x000020ab       0x10 ./Src/syscalls.o
 .debug_macro   0x000020bb       0x1c ./Src/syscalls.o
 .debug_macro   0x000020d7       0x52 ./Src/syscalls.o
 .debug_macro   0x00002129       0x22 ./Src/syscalls.o
 .debug_macro   0x0000214b       0x10 ./Src/syscalls.o
 .debug_macro   0x0000215b       0x52 ./Src/syscalls.o
 .debug_macro   0x000021ad       0xcf ./Src/syscalls.o
 .debug_macro   0x0000227c       0x1c ./Src/syscalls.o
 .debug_macro   0x00002298       0x3d ./Src/syscalls.o
 .debug_macro   0x000022d5       0x35 ./Src/syscalls.o
 .debug_macro   0x0000230a      0x12c ./Src/syscalls.o
 .debug_macro   0x00002436       0x16 ./Src/syscalls.o
 .debug_macro   0x0000244c       0x16 ./Src/syscalls.o
 .debug_macro   0x00002462       0x29 ./Src/syscalls.o
 .debug_macro   0x0000248b       0x10 ./Src/syscalls.o
 .debug_macro   0x0000249b      0x242 ./Src/syscalls.o
 .debug_macro   0x000026dd       0x1c ./Src/syscalls.o
 .debug_macro   0x000026f9       0x10 ./Src/syscalls.o
 .debug_macro   0x00002709      0x18a ./Src/syscalls.o
 .debug_macro   0x00002893       0x16 ./Src/syscalls.o
 .debug_macro   0x000028a9       0xce ./Src/syscalls.o
 .debug_macro   0x00002977       0xff ./Src/sysmem.o
 .debug_macro   0x00002a76      0x23c ./Src/sysmem.o

.debug_line     0x00000000     0x11da
 .debug_line    0x00000000      0x4ca ./Src/main.o
 .debug_line    0x000004ca      0x7e2 ./Src/syscalls.o
 .debug_line    0x00000cac      0x4b3 ./Src/sysmem.o
 .debug_line    0x0000115f       0x7b ./Startup/startup_stm32f407vgtx.o

.debug_str      0x00000000     0x971a
 .debug_str     0x00000000     0x75a6 ./Src/main.o
                               0x779c (size before relaxing)
 .debug_str     0x000075a6     0x20c5 ./Src/syscalls.o
                               0x9889 (size before relaxing)
 .debug_str     0x0000966b       0x70 ./Src/sysmem.o
                               0x60a1 (size before relaxing)
 .debug_str     0x000096db       0x3f ./Startup/startup_stm32f407vgtx.o
                                 0x7e (size before relaxing)

.comment        0x00000000       0x43
 .comment       0x00000000       0x43 ./Src/main.o
                                 0x44 (size before relaxing)
 .comment       0x00000043       0x44 ./Src/syscalls.o
 .comment       0x00000043       0x44 ./Src/sysmem.o

.debug_frame    0x00000000      0x9c4
 .debug_frame   0x00000000       0x48 ./Src/main.o
 .debug_frame   0x00000048      0x2ac ./Src/syscalls.o
 .debug_frame   0x000002f4       0x34 ./Src/sysmem.o
 .debug_frame   0x00000328      0x144 /opt/st/stm32cubeide_1.15.1/plugins/com.st.stm32cube.ide.mcu.externaltools.gnu-tools-for-stm32.12.3.rel1.linux64_1.0.100.202403111256/tools/bin/../lib/gcc/arm-none-eabi/12.3.1/../../../../arm-none-eabi/lib/thumb/v7e-m/nofp/libc_nano.a(libc_a-findfp.o)
 .debug_frame   0x0000046c       0x34 /opt/st/stm32cubeide_1.15.1/plugins/com.st.stm32cube.ide.mcu.externaltools.gnu-tools-for-stm32.12.3.rel1.linux64_1.0.100.202403111256/tools/bin/../lib/gcc/arm-none-eabi/12.3.1/../../../../arm-none-eabi/lib/thumb/v7e-m/nofp/libc_nano.a(libc_a-fwalk.o)
 .debug_frame   0x000004a0       0x3c /opt/st/stm32cubeide_1.15.1/plugins/com.st.stm32cube.ide.mcu.externaltools.gnu-tools-for-stm32.12.3.rel1.linux64_1.0.100.202403111256/tools/bin/../lib/gcc/arm-none-eabi/12.3.1/../../../../arm-none-eabi/lib/thumb/v7e-m/nofp/libc_nano.a(libc_a-puts.o)
 .debug_frame   0x000004dc       0x88 /opt/st/stm32cubeide_1.15.1/plugins/com.st.stm32cube.ide.mcu.externaltools.gnu-tools-for-stm32.12.3.rel1.linux64_1.0.100.202403111256/tools/bin/../lib/gcc/arm-none-eabi/12.3.1/../../../../arm-none-eabi/lib/thumb/v7e-m/nofp/libc_nano.a(libc_a-stdio.o)
 .debug_frame   0x00000564       0x40 /opt/st/stm32cubeide_1.15.1/plugins/com.st.stm32cube.ide.mcu.externaltools.gnu-tools-for-stm32.12.3.rel1.linux64_1.0.100.202403111256/tools/bin/../lib/gcc/arm-none-eabi/12.3.1/../../../../arm-none-eabi/lib/thumb/v7e-m/nofp/libc_nano.a(libc_a-wbuf.o)
 .debug_frame   0x000005a4       0x2c /opt/st/stm32cubeide_1.15.1/plugins/com.st.stm32cube.ide.mcu.externaltools.gnu-tools-for-stm32.12.3.rel1.linux64_1.0.100.202403111256/tools/bin/../lib/gcc/arm-none-eabi/12.3.1/../../../../arm-none-eabi/lib/thumb/v7e-m/nofp/libc_nano.a(libc_a-wsetup.o)
 .debug_frame   0x000005d0       0x20 /opt/st/stm32cubeide_1.15.1/plugins/com.st.stm32cube.ide.mcu.externaltools.gnu-tools-for-stm32.12.3.rel1.linux64_1.0.100.202403111256/tools/bin/../lib/gcc/arm-none-eabi/12.3.1/../../../../arm-none-eabi/lib/thumb/v7e-m/nofp/libc_nano.a(libc_a-memset.o)
 .debug_frame   0x000005f0       0x2c /opt/st/stm32cubeide_1.15.1/plugins/com.st.stm32cube.ide.mcu.externaltools.gnu-tools-for-stm32.12.3.rel1.linux64_1.0.100.202403111256/tools/bin/../lib/gcc/arm-none-eabi/12.3.1/../../../../arm-none-eabi/lib/thumb/v7e-m/nofp/libc_nano.a(libc_a-closer.o)
 .debug_frame   0x0000061c       0x38 /opt/st/stm32cubeide_1.15.1/plugins/com.st.stm32cube.ide.mcu.externaltools.gnu-tools-for-stm32.12.3.rel1.linux64_1.0.100.202403111256/tools/bin/../lib/gcc/arm-none-eabi/12.3.1/../../../../arm-none-eabi/lib/thumb/v7e-m/nofp/libc_nano.a(libc_a-reent.o)
 .debug_frame   0x00000654       0x2c /opt/st/stm32cubeide_1.15.1/plugins/com.st.stm32cube.ide.mcu.externaltools.gnu-tools-for-stm32.12.3.rel1.linux64_1.0.100.202403111256/tools/bin/../lib/gcc/arm-none-eabi/12.3.1/../../../../arm-none-eabi/lib/thumb/v7e-m/nofp/libc_nano.a(libc_a-lseekr.o)
 .debug_frame   0x00000680       0x2c /opt/st/stm32cubeide_1.15.1/plugins/com.st.stm32cube.ide.mcu.externaltools.gnu-tools-for-stm32.12.3.rel1.linux64_1.0.100.202403111256/tools/bin/../lib/gcc/arm-none-eabi/12.3.1/../../../../arm-none-eabi/lib/thumb/v7e-m/nofp/libc_nano.a(libc_a-readr.o)
 .debug_frame   0x000006ac       0x2c /opt/st/stm32cubeide_1.15.1/plugins/com.st.stm32cube.ide.mcu.externaltools.gnu-tools-for-stm32.12.3.rel1.linux64_1.0.100.202403111256/tools/bin/../lib/gcc/arm-none-eabi/12.3.1/../../../../arm-none-eabi/lib/thumb/v7e-m/nofp/libc_nano.a(libc_a-writer.o)
 .debug_frame   0x000006d8       0x20 /opt/st/stm32cubeide_1.15.1/plugins/com.st.stm32cube.ide.mcu.externaltools.gnu-tools-for-stm32.12.3.rel1.linux64_1.0.100.202403111256/tools/bin/../lib/gcc/arm-none-eabi/12.3.1/../../../../arm-none-eabi/lib/thumb/v7e-m/nofp/libc_nano.a(libc_a-errno.o)
 .debug_frame   0x000006f8       0x2c /opt/st/stm32cubeide_1.15.1/plugins/com.st.stm32cube.ide.mcu.externaltools.gnu-tools-for-stm32.12.3.rel1.linux64_1.0.100.202403111256/tools/bin/../lib/gcc/arm-none-eabi/12.3.1/../../../../arm-none-eabi/lib/thumb/v7e-m/nofp/libc_nano.a(libc_a-init.o)
 .debug_frame   0x00000724       0xb0 /opt/st/stm32cubeide_1.15.1/plugins/com.st.stm32cube.ide.mcu.externaltools.gnu-tools-for-stm32.12.3.rel1.linux64_1.0.100.202403111256/tools/bin/../lib/gcc/arm-none-eabi/12.3.1/../../../../arm-none-eabi/lib/thumb/v7e-m/nofp/libc_nano.a(libc_a-lock.o)
 .debug_frame   0x000007d4       0x38 /opt/st/stm32cubeide_1.15.1/plugins/com.st.stm32cube.ide.mcu.externaltools.gnu-tools-for-stm32.12.3.rel1.linux64_1.0.100.202403111256/tools/bin/../lib/gcc/arm-none-eabi/12.3.1/../../../../arm-none-eabi/lib/thumb/v7e-m/nofp/libc_nano.a(libc_a-freer.o)
 .debug_frame   0x0000080c       0x50 /opt/st/stm32cubeide_1.15.1/plugins/com.st.stm32cube.ide.mcu.externaltools.gnu-tools-for-stm32.12.3.rel1.linux64_1.0.100.202403111256/tools/bin/../lib/gcc/arm-none-eabi/12.3.1/../../../../arm-none-eabi/lib/thumb/v7e-m/nofp/libc_nano.a(libc_a-mallocr.o)
 .debug_frame   0x0000085c       0x30 /opt/st/stm32cubeide_1.15.1/plugins/com.st.stm32cube.ide.mcu.externaltools.gnu-tools-for-stm32.12.3.rel1.linux64_1.0.100.202403111256/tools/bin/../lib/gcc/arm-none-eabi/12.3.1/../../../../arm-none-eabi/lib/thumb/v7e-m/nofp/libc_nano.a(libc_a-mlock.o)
 .debug_frame   0x0000088c       0x5c /opt/st/stm32cubeide_1.15.1/plugins/com.st.stm32cube.ide.mcu.externaltools.gnu-tools-for-stm32.12.3.rel1.linux64_1.0.100.202403111256/tools/bin/../lib/gcc/arm-none-eabi/12.3.1/../../../../arm-none-eabi/lib/thumb/v7e-m/nofp/libc_nano.a(libc_a-fflush.o)
 .debug_frame   0x000008e8       0x58 /opt/st/stm32cubeide_1.15.1/plugins/com.st.stm32cube.ide.mcu.externaltools.gnu-tools-for-stm32.12.3.rel1.linux64_1.0.100.202403111256/tools/bin/../lib/gcc/arm-none-eabi/12.3.1/../../../../arm-none-eabi/lib/thumb/v7e-m/nofp/libc_nano.a(libc_a-makebuf.o)
 .debug_frame   0x00000940       0x2c /opt/st/stm32cubeide_1.15.1/plugins/com.st.stm32cube.ide.mcu.externaltools.gnu-tools-for-stm32.12.3.rel1.linux64_1.0.100.202403111256/tools/bin/../lib/gcc/arm-none-eabi/12.3.1/../../../../arm-none-eabi/lib/thumb/v7e-m/nofp/libc_nano.a(libc_a-fstatr.o)
 .debug_frame   0x0000096c       0x2c /opt/st/stm32cubeide_1.15.1/plugins/com.st.stm32cube.ide.mcu.externaltools.gnu-tools-for-stm32.12.3.rel1.linux64_1.0.100.202403111256/tools/bin/../lib/gcc/arm-none-eabi/12.3.1/../../../../arm-none-eabi/lib/thumb/v7e-m/nofp/libc_nano.a(libc_a-isattyr.o)
 .debug_frame   0x00000998       0x2c /opt/st/stm32cubeide_1.15.1/plugins/com.st.stm32cube.ide.mcu.externaltools.gnu-tools-for-stm32.12.3.rel1.linux64_1.0.100.202403111256/tools/bin/../lib/gcc/arm-none-eabi/12.3.1/../../../../arm-none-eabi/lib/thumb/v7e-m/nofp/libc_nano.a(libc_a-sbrkr.o)

.debug_line_str
                0x00000000       0x62
 .debug_line_str
                0x00000000       0x62 ./Startup/startup_stm32f407vgtx.o
