../Inc/main.h:54:6:task1_handler	8	static
../Inc/main.h:65:6:task2_handler	8	static
../Inc/main.h:76:6:task3_handler	8	static
../Inc/main.h:87:6:task4_handler	8	static
../Inc/main.h:98:6:HardFault_Handler	8	static
../Inc/main.h:103:6:BusFault_Handler	8	static
../Inc/main.h:108:6:MemManage_Handler	8	static
../Src/main.c:7:5:main	8	static
../Src/main.c:32:6:init_systick_timer	32	static
../Src/main.c:46:29:init_scheduler_stack	0	static,ignoring_inline_asm
../Src/main.c:52:6:init_task_stack	24	static
../Src/main.c:70:10:get_psp_val	4	static
../Src/main.c:74:6:save_psp_value	16	static
../Src/main.c:78:6:update_next_task	4	static
../Src/main.c:83:29:switching_sp_to_psp	0	static,ignoring_inline_asm
../Src/main.c:98:29:SysTick_Handler	0	static,ignoring_inline_asm
../Src/main.c:128:6:enable_processor_fault	16	static
